2026-03-25 20:15:05 - INFO - ============================================================
2026-03-25 20:15:05 - INFO - Experiment: digits
2026-03-25 20:15:05 - INFO - Run ID: 20260325_201505
2026-03-25 20:15:05 - INFO - ============================================================
2026-03-25 20:15:05 - INFO - Configuration:
2026-03-25 20:15:05 - INFO -   dataset: digits
2026-03-25 20:15:05 - INFO -   epochs: 200
2026-03-25 20:15:05 - INFO -   hidden_width: 32
2026-03-25 20:15:05 - INFO -   batch_size: 64
2026-03-25 20:15:05 - INFO -   lr_softmax: 0.05
2026-03-25 20:15:05 - INFO -   lr_sgd: 0.05
2026-03-25 20:15:05 - INFO -   reg_lambda: 0.0001
2026-03-25 20:15:05 - INFO -   seeds: [42, 123, 456, 789, 1000]
2026-03-25 20:15:05 - INFO - Final Results - SOFTMAX
2026-03-25 20:15:05 - INFO -   Seed: 42
2026-03-25 20:15:05 - INFO -   Test Loss: 0.2698
2026-03-25 20:15:05 - INFO -   Test Accuracy: 0.9375
2026-03-25 20:15:06 - INFO - Final Results - NN
2026-03-25 20:15:06 - INFO -   Seed: 42
2026-03-25 20:15:06 - INFO -   Test Loss: 0.1741
2026-03-25 20:15:06 - INFO -   Test Accuracy: 0.9402
2026-03-25 20:15:19 - INFO - Metrics saved to starter_pack/results\metrics\digits_20260325_201505_metrics.json
