2026-03-25 15:44:39 - INFO - ============================================================
2026-03-25 15:44:39 - INFO - Experiment: linear_gaussian
2026-03-25 15:44:39 - INFO - Run ID: 20260325_154439
2026-03-25 15:44:39 - INFO - ============================================================
2026-03-25 15:44:39 - INFO - Configuration:
2026-03-25 15:44:39 - INFO -   dataset: linear_gaussian
2026-03-25 15:44:39 - INFO -   epochs: 200
2026-03-25 15:44:39 - INFO -   hidden_width: 8
2026-03-25 15:44:39 - INFO -   batch_size: 64
2026-03-25 15:44:39 - INFO -   lr_softmax: 0.05
2026-03-25 15:44:39 - INFO -   lr_sgd: 0.05
2026-03-25 15:44:39 - INFO -   reg_lambda: 0.0001
2026-03-25 15:44:39 - INFO - Final Results - SOFTMAX
2026-03-25 15:44:39 - INFO -   Seed: 42
2026-03-25 15:44:39 - INFO -   Test Loss: 0.1539
2026-03-25 15:44:39 - INFO -   Test Accuracy: 0.9500
2026-03-25 15:44:39 - INFO - Final Results - NN
2026-03-25 15:44:39 - INFO -   Seed: 42
2026-03-25 15:44:39 - INFO -   Test Loss: 0.1620
2026-03-25 15:44:39 - INFO -   Test Accuracy: 0.9500
2026-03-25 15:44:51 - INFO - Metrics saved to starter_pack/results\metrics\linear_gaussian_20260325_154439_metrics.json
