2026-03-25 15:46:15 - INFO - ============================================================
2026-03-25 15:46:15 - INFO - Experiment: moons
2026-03-25 15:46:15 - INFO - Run ID: 20260325_154615
2026-03-25 15:46:15 - INFO - ============================================================
2026-03-25 15:46:15 - INFO - Configuration:
2026-03-25 15:46:15 - INFO -   dataset: moons
2026-03-25 15:46:15 - INFO -   epochs: 200
2026-03-25 15:46:15 - INFO -   hidden_width: 32
2026-03-25 15:46:15 - INFO -   batch_size: 64
2026-03-25 15:46:15 - INFO -   lr_softmax: 0.05
2026-03-25 15:46:15 - INFO -   lr_sgd: 0.05
2026-03-25 15:46:15 - INFO -   reg_lambda: 0.0001
2026-03-25 15:46:15 - INFO - Final Results - SOFTMAX
2026-03-25 15:46:15 - INFO -   Seed: 42
2026-03-25 15:46:15 - INFO -   Test Loss: 0.2853
2026-03-25 15:46:15 - INFO -   Test Accuracy: 0.8500
2026-03-25 15:46:15 - INFO - Final Results - NN
2026-03-25 15:46:15 - INFO -   Seed: 42
2026-03-25 15:46:15 - INFO -   Test Loss: 0.1898
2026-03-25 15:46:15 - INFO -   Test Accuracy: 0.9375
2026-03-25 15:46:24 - INFO - Metrics saved to starter_pack/results\metrics\moons_20260325_154615_metrics.json
